[     255ms] [INFO] %cDownload the React DevTools for a better development experience: https://react.dev/link/react-devtools font-weight:bold @ http://localhost:3000/_next/static/chunks/node_modules_next_dist_1e8vcs8._.js:776
[     305ms] [LOG] [HMR] connected @ http://localhost:3000/_next/static/chunks/node_modules_next_dist_1e8vcs8._.js:776
[ 4284326ms] [LOG] [HMR] connected @ http://localhost:3000/_next/static/chunks/node_modules_next_dist_1e8vcs8._.js:776
[ 4290393ms] [LOG] [HMR] connected @ http://localhost:3000/_next/static/chunks/node_modules_next_dist_1e8vcs8._.js:776
[ 6239648ms] [LOG] [HMR] connected @ http://localhost:3000/_next/static/chunks/node_modules_next_dist_1e8vcs8._.js:776
[ 8324821ms] [ERROR] WebSocket connection to 'ws://localhost:3000/_next/hmr?id=04elEsD_ByePVQkWG8StQ' failed: Error in connection establishment: net::ERR_CONNECTION_REFUSED @ http://localhost:3000/_next/static/chunks/node_modules_next_dist_client_0_90u2t._.js:16256
[ 8325824ms] [ERROR] WebSocket connection to 'ws://localhost:3000/_next/hmr?id=04elEsD_ByePVQkWG8StQ' failed: Error in connection establishment: net::ERR_CONNECTION_REFUSED @ http://localhost:3000/_next/static/chunks/node_modules_next_dist_client_0_90u2t._.js:16256
[ 8326827ms] [ERROR] WebSocket connection to 'ws://localhost:3000/_next/hmr?id=04elEsD_ByePVQkWG8StQ' failed: Error in connection establishment: net::ERR_CONNECTION_REFUSED @ http://localhost:3000/_next/static/chunks/node_modules_next_dist_client_0_90u2t._.js:16256
[ 8327831ms] [ERROR] WebSocket connection to 'ws://localhost:3000/_next/hmr?id=04elEsD_ByePVQkWG8StQ' failed: Error in connection establishment: net::ERR_CONNECTION_REFUSED @ http://localhost:3000/_next/static/chunks/node_modules_next_dist_client_0_90u2t._.js:16256
[ 8328837ms] [ERROR] WebSocket connection to 'ws://localhost:3000/_next/hmr?id=04elEsD_ByePVQkWG8StQ' failed: Error in connection establishment: net::ERR_CONNECTION_REFUSED @ http://localhost:3000/_next/static/chunks/node_modules_next_dist_client_0_90u2t._.js:16256
[ 8333842ms] [ERROR] WebSocket connection to 'ws://localhost:3000/_next/hmr?id=04elEsD_ByePVQkWG8StQ' failed: Error in connection establishment: net::ERR_CONNECTION_REFUSED @ http://localhost:3000/_next/static/chunks/node_modules_next_dist_client_0_90u2t._.js:16256
[ 8338852ms] [ERROR] WebSocket connection to 'ws://localhost:3000/_next/hmr?id=04elEsD_ByePVQkWG8StQ' failed: Error in connection establishment: net::ERR_CONNECTION_REFUSED @ http://localhost:3000/_next/static/chunks/node_modules_next_dist_client_0_90u2t._.js:16256
[ 8343872ms] [ERROR] WebSocket connection to 'ws://localhost:3000/_next/hmr?id=04elEsD_ByePVQkWG8StQ' failed: Error in connection establishment: net::ERR_CONNECTION_REFUSED @ http://localhost:3000/_next/static/chunks/node_modules_next_dist_client_0_90u2t._.js:16256
[ 9252796ms] [ERROR] WebSocket connection to 'ws://localhost:3000/_next/hmr?id=04elEsD_ByePVQkWG8StQ' failed: Error in connection establishment: net::ERR_CONNECTION_REFUSED @ http://localhost:3000/_next/static/chunks/node_modules_next_dist_client_0_90u2t._.js:16256
[ 9310241ms] [ERROR] WebSocket connection to 'ws://localhost:3000/_next/hmr?id=04elEsD_ByePVQkWG8StQ' failed: Error in connection establishment: net::ERR_CONNECTION_REFUSED @ http://localhost:3000/_next/static/chunks/node_modules_next_dist_client_0_90u2t._.js:16256
[ 9315362ms] [ERROR] WebSocket connection to 'ws://localhost:3000/_next/hmr?id=04elEsD_ByePVQkWG8StQ' failed: Error in connection establishment: net::ERR_CONNECTION_REFUSED @ http://localhost:3000/_next/static/chunks/node_modules_next_dist_client_0_90u2t._.js:16256
[ 9316278ms] [ERROR] WebSocket connection to 'ws://localhost:3000/_next/hmr?id=04elEsD_ByePVQkWG8StQ' failed: Error in connection establishment: net::ERR_CONNECTION_REFUSED @ http://localhost:3000/_next/static/chunks/node_modules_next_dist_client_0_90u2t._.js:16256
[ 9317581ms] [ERROR] WebSocket connection to 'ws://localhost:3000/_next/hmr?id=04elEsD_ByePVQkWG8StQ' failed: Error in connection establishment: net::ERR_CONNECTION_REFUSED @ http://localhost:3000/_next/static/chunks/node_modules_next_dist_client_0_90u2t._.js:16256
[ 9318865ms] [ERROR] WebSocket connection to 'ws://localhost:3000/_next/hmr?id=04elEsD_ByePVQkWG8StQ' failed: Error in connection establishment: net::ERR_CONNECTION_REFUSED @ http://localhost:3000/_next/static/chunks/node_modules_next_dist_client_0_90u2t._.js:16256
[ 9536679ms] [ERROR] WebSocket connection to 'ws://localhost:3000/_next/hmr?id=04elEsD_ByePVQkWG8StQ' failed: Error in connection establishment: net::ERR_CONNECTION_REFUSED @ http://localhost:3000/_next/static/chunks/node_modules_next_dist_client_0_90u2t._.js:16256
[ 9540162ms] [ERROR] WebSocket connection to 'ws://localhost:3000/_next/hmr?id=04elEsD_ByePVQkWG8StQ' failed: Error in connection establishment: net::ERR_CONNECTION_REFUSED @ http://localhost:3000/_next/static/chunks/node_modules_next_dist_client_0_90u2t._.js:16256
[ 9545763ms] [ERROR] WebSocket connection to 'ws://localhost:3000/_next/hmr?id=04elEsD_ByePVQkWG8StQ' failed: Error in connection establishment: net::ERR_CONNECTION_REFUSED @ http://localhost:3000/_next/static/chunks/node_modules_next_dist_client_0_90u2t._.js:16256
[ 9597582ms] [ERROR] WebSocket connection to 'ws://localhost:3000/_next/hmr?id=04elEsD_ByePVQkWG8StQ' failed: Error in connection establishment: net::ERR_CONNECTION_REFUSED @ http://localhost:3000/_next/static/chunks/node_modules_next_dist_client_0_90u2t._.js:16256
[ 9602408ms] [ERROR] WebSocket connection to 'ws://localhost:3000/_next/hmr?id=04elEsD_ByePVQkWG8StQ' failed: Error in connection establishment: net::ERR_CONNECTION_REFUSED @ http://localhost:3000/_next/static/chunks/node_modules_next_dist_client_0_90u2t._.js:16256
[ 9606524ms] [ERROR] WebSocket connection to 'ws://localhost:3000/_next/hmr?id=04elEsD_ByePVQkWG8StQ' failed: Error in connection establishment: net::ERR_CONNECTION_REFUSED @ http://localhost:3000/_next/static/chunks/node_modules_next_dist_client_0_90u2t._.js:16256
[ 9609965ms] [ERROR] WebSocket connection to 'ws://localhost:3000/_next/hmr?id=04elEsD_ByePVQkWG8StQ' failed: Error in connection establishment: net::ERR_CONNECTION_REFUSED @ http://localhost:3000/_next/static/chunks/node_modules_next_dist_client_0_90u2t._.js:16256
[ 9612664ms] [ERROR] WebSocket connection to 'ws://localhost:3000/_next/hmr?id=04elEsD_ByePVQkWG8StQ' failed: Error in connection establishment: net::ERR_CONNECTION_REFUSED @ http://localhost:3000/_next/static/chunks/node_modules_next_dist_client_0_90u2t._.js:16256
[ 9614820ms] [ERROR] WebSocket connection to 'ws://localhost:3000/_next/hmr?id=04elEsD_ByePVQkWG8StQ' failed: Error in connection establishment: net::ERR_CONNECTION_REFUSED @ http://localhost:3000/_next/static/chunks/node_modules_next_dist_client_0_90u2t._.js:16256
[ 9624391ms] [ERROR] WebSocket connection to 'ws://localhost:3000/_next/hmr?id=04elEsD_ByePVQkWG8StQ' failed: Error in connection establishment: net::ERR_CONNECTION_REFUSED @ http://localhost:3000/_next/static/chunks/node_modules_next_dist_client_0_90u2t._.js:16256
[ 9630568ms] [ERROR] WebSocket connection to 'ws://localhost:3000/_next/hmr?id=04elEsD_ByePVQkWG8StQ' failed: Error in connection establishment: net::ERR_CONNECTION_REFUSED @ http://localhost:3000/_next/static/chunks/node_modules_next_dist_client_0_90u2t._.js:16256
[ 9640001ms] [ERROR] WebSocket connection to 'ws://localhost:3000/_next/hmr?id=04elEsD_ByePVQkWG8StQ' failed: Error in connection establishment: net::ERR_CONNECTION_REFUSED @ http://localhost:3000/_next/static/chunks/node_modules_next_dist_client_0_90u2t._.js:16256
[ 9647749ms] [ERROR] WebSocket connection to 'ws://localhost:3000/_next/hmr?id=04elEsD_ByePVQkWG8StQ' failed: Error in connection establishment: net::ERR_CONNECTION_REFUSED @ http://localhost:3000/_next/static/chunks/node_modules_next_dist_client_0_90u2t._.js:16256
[11658338ms] [ERROR] WebSocket connection to 'ws://localhost:3000/_next/hmr?id=04elEsD_ByePVQkWG8StQ' failed: Error in connection establishment: net::ERR_CONNECTION_REFUSED @ http://localhost:3000/_next/static/chunks/node_modules_next_dist_client_0_90u2t._.js:16256
[13590107ms] [ERROR] WebSocket connection to 'ws://localhost:3000/_next/hmr?id=04elEsD_ByePVQkWG8StQ' failed: Error in connection establishment: net::ERR_CONNECTION_REFUSED @ http://localhost:3000/_next/static/chunks/node_modules_next_dist_client_0_90u2t._.js:16256
[15564457ms] [ERROR] WebSocket connection to 'ws://localhost:3000/_next/hmr?id=04elEsD_ByePVQkWG8StQ' failed: Error in connection establishment: net::ERR_CONNECTION_REFUSED @ http://localhost:3000/_next/static/chunks/node_modules_next_dist_client_0_90u2t._.js:16256
